Using pre-set license
Built from '2021.3/staging' branch; Version is '2021.3.6f1 (7da38d85baf6) revision 8233869'; Using compiler version '192829333'; Build Type 'Release'
OS: 'Windows 11  (10.0.26200) 64bit Professional' Language: 'en' Physical Memory: 7884 MB
BatchMode: 1, IsHumanControllingUs: 0, StartBugReporterOnCrash: 0, Is64bit: 1, IsPro: 1

COMMAND LINE ARGUMENTS:
D:\Unity\Unity 2021.3.6f1\Editor\Unity.exe
-adb2
-batchMode
-noUpm
-name
AssetImportWorker0
-projectPath
C:/Users/Lenovo/Downloads/CSE299-main/CSE299-main
-logFile
Logs/AssetImportWorker0.log
-srvPort
63301
Successfully changed project path to: C:/Users/Lenovo/Downloads/CSE299-main/CSE299-main
C:/Users/Lenovo/Downloads/CSE299-main/CSE299-main
[UnityMemory] Configuration Parameters - Can be set up in boot.config
    "memorysetup-bucket-allocator-granularity=16"
    "memorysetup-bucket-allocator-bucket-count=8"
    "memorysetup-bucket-allocator-block-size=33554432"
    "memorysetup-bucket-allocator-block-count=8"
    "memorysetup-main-allocator-block-size=16777216"
    "memorysetup-thread-allocator-block-size=16777216"
    "memorysetup-gfx-main-allocator-block-size=16777216"
    "memorysetup-gfx-thread-allocator-block-size=16777216"
    "memorysetup-cache-allocator-block-size=4194304"
    "memorysetup-typetree-allocator-block-size=2097152"
    "memorysetup-profiler-bucket-allocator-granularity=16"
    "memorysetup-profiler-bucket-allocator-bucket-count=8"
    "memorysetup-profiler-bucket-allocator-block-size=33554432"
    "memorysetup-profiler-bucket-allocator-block-count=8"
    "memorysetup-profiler-allocator-block-size=16777216"
    "memorysetup-profiler-editor-allocator-block-size=1048576"
    "memorysetup-temp-allocator-size-main=16777216"
    "memorysetup-job-temp-allocator-block-size=2097152"
    "memorysetup-job-temp-allocator-block-size-background=1048576"
    "memorysetup-job-temp-allocator-reduction-small-platforms=262144"
    "memorysetup-temp-allocator-size-background-worker=32768"
    "memorysetup-temp-allocator-size-job-worker=262144"
    "memorysetup-temp-allocator-size-preload-manager=33554432"
    "memorysetup-temp-allocator-size-nav-mesh-worker=65536"
    "memorysetup-temp-allocator-size-audio-worker=65536"
    "memorysetup-temp-allocator-size-cloud-worker=32768"
    "memorysetup-temp-allocator-size-gi-baking-worker=262144"
    "memorysetup-temp-allocator-size-gfx=262144"
Refreshing native plugins compatible for Editor in 130.57 ms, found 3 plugins.
Preloading 0 native plugins for Editor in 0.00 ms.
Initialize engine version: 2021.3.6f1 (7da38d85baf6)
[Subsystems] Discovering subsystems at path D:/Unity/Unity 2021.3.6f1/Editor/Data/Resources/UnitySubsystems
[Subsystems] Discovering subsystems at path C:/Users/Lenovo/Downloads/CSE299-main/CSE299-main/Assets
GfxDevice: creating device client; threaded=0; jobified=0
Direct3D:
    Version:  Direct3D 11.0 [level 11.1]
    Renderer: Intel(R) UHD Graphics (ID=0xa7a8)
    Vendor:   Intel
    VRAM:     3942 MB
    Driver:   32.0.101.6129
Initialize mono
Mono path[0] = 'D:/Unity/Unity 2021.3.6f1/Editor/Data/Managed'
Mono path[1] = 'D:/Unity/Unity 2021.3.6f1/Editor/Data/MonoBleedingEdge/lib/mono/unityjit-win32'
Mono config path = 'D:/Unity/Unity 2021.3.6f1/Editor/Data/MonoBleedingEdge/etc'
Using monoOptions --debugger-agent=transport=dt_socket,embedding=1,server=y,suspend=n,address=127.0.0.1:56360
Begin MonoManager ReloadAssembly
Registering precompiled unity dll's ...
Register platform support module: D:/Unity/Unity 2021.3.6f1/Editor/Data/PlaybackEngines/WindowsStandaloneSupport/UnityEditor.WindowsStandalone.Extensions.dll
Registered in 0.001149 seconds.
Native extension for WindowsStandalone target not found
Refreshing native plugins compatible for Editor in 121.47 ms, found 3 plugins.
Preloading 0 native plugins for Editor in 0.00 ms.
Mono: successfully reloaded assembly
- Completed reload, in  0.663 seconds
Domain Reload Profiling:
	ReloadAssembly (664ms)
		BeginReloadAssembly (82ms)
			ExecutionOrderSort (0ms)
			DisableScriptedObjects (0ms)
			BackupInstance (0ms)
			ReleaseScriptingObjects (0ms)
			CreateAndSetChildDomain (1ms)
		EndReloadAssembly (500ms)
			LoadAssemblies (81ms)
			RebuildTransferFunctionScriptingTraits (0ms)
			SetupTypeCache (108ms)
			ReleaseScriptCaches (0ms)
			RebuildScriptCaches (24ms)
			SetupLoadedEditorAssemblies (311ms)
				LogAssemblyErrors (0ms)
				InitializePlatformSupportModulesInManaged (7ms)
				SetLoadedEditorAssemblies (0ms)
				RefreshPlugins (122ms)
				BeforeProcessingInitializeOnLoad (1ms)
				ProcessInitializeOnLoadAttributes (122ms)
				ProcessInitializeOnLoadMethodAttributes (59ms)
				AfterProcessingInitializeOnLoad (0ms)
				EditorAssembliesLoaded (0ms)
			ExecutionOrderSort2 (0ms)
			AwakeInstancesAfterBackupRestoration (0ms)
Platform modules already initialized, skipping
Registering precompiled user dll's ...
Registered in 0.009813 seconds.
Begin MonoManager ReloadAssembly
Native extension for WindowsStandalone target not found
Refreshing native plugins compatible for Editor in 97.68 ms, found 3 plugins.
Preloading 0 native plugins for Editor in 0.00 ms.
Mono: successfully reloaded assembly
- Completed reload, in  1.315 seconds
Domain Reload Profiling:
	ReloadAssembly (1316ms)
		BeginReloadAssembly (111ms)
			ExecutionOrderSort (0ms)
			DisableScriptedObjects (5ms)
			BackupInstance (0ms)
			ReleaseScriptingObjects (0ms)
			CreateAndSetChildDomain (25ms)
		EndReloadAssembly (1100ms)
			LoadAssemblies (93ms)
			RebuildTransferFunctionScriptingTraits (0ms)
			SetupTypeCache (294ms)
			ReleaseScriptCaches (2ms)
			RebuildScriptCaches (83ms)
			SetupLoadedEditorAssemblies (591ms)
				LogAssemblyErrors (0ms)
				InitializePlatformSupportModulesInManaged (3ms)
				SetLoadedEditorAssemblies (0ms)
				RefreshPlugins (98ms)
				BeforeProcessingInitializeOnLoad (101ms)
				ProcessInitializeOnLoadAttributes (303ms)
				ProcessInitializeOnLoadMethodAttributes (85ms)
				AfterProcessingInitializeOnLoad (2ms)
				EditorAssembliesLoaded (0ms)
			ExecutionOrderSort2 (0ms)
			AwakeInstancesAfterBackupRestoration (6ms)
Platform modules already initialized, skipping
========================================================================
Worker process is ready to serve import requests
Launched and connected shader compiler UnityShaderCompiler.exe after 0.09 seconds
Refreshing native plugins compatible for Editor in 1.26 ms, found 3 plugins.
Preloading 0 native plugins for Editor in 0.00 ms.
Unloading 5855 Unused Serialized files (Serialized files now loaded: 0)
Unloading 66 unused Assets / (3.2 MB). Loaded Objects now: 6283.
Memory consumption went from 236.5 MB to 233.4 MB.
Total: 5.917800 ms (FindLiveObjects: 0.555600 ms CreateObjectMapping: 0.228200 ms MarkObjects: 3.833800 ms  DeleteObjects: 1.298700 ms)

AssetImportParameters requested are different than current active one (requested -> active):
  custom:video-decoder-ogg-theora: a1e56fd34408186e4bbccfd4996cb3dc -> 
  custom:container-muxer-webm: aa71ff27fc2769a1b78a27578f13a17b -> 
  custom:container-demuxer-webm: 4f35f7cbe854078d1ac9338744f61a02 -> 
  custom:video-encoder-webm-vp8: eb34c28f22e8b96e1ab97ce403110664 -> 
  custom:video-codec-MediaFoundation-h265: 746d11721c4dcdbdad8f713fa42b33f4 -> 
  custom:audio-encoder-webm-vorbis: bf7c407c2cedff20999df2af8eb42d56 -> 
  custom:framework-win-MediaFoundation: 216162199b28c13a410421893ffa2e32 -> 
  custom:container-demuxer-ogg: 62fdf1f143b41e24485cea50d1cbac27 -> 
  custom:video-decoder-webm-vp8: 9c59270c3fd7afecdb556c50c9e8de78 -> 
  custom:audio-decoder-ogg-vorbis: bf7c407c2cedff20999df2af8eb42d56 -> 
========================================================================
Received Import Request.
  Time since last request: 15759.521131 seconds.
  path: Assets/3d assets/road/RoadStraight.obj
  artifactKey: Guid(222e502aafa0b1b43b9372eceb5a05fe) Importer(815301076,1909f56bfc062723c751e8b465ee728b)
Start importing Assets/3d assets/road/RoadStraight.obj using Guid(222e502aafa0b1b43b9372eceb5a05fe) Importer(815301076,1909f56bfc062723c751e8b465ee728b)  -> (artifact id: '892d0811dd65a3d394355e5d30ad52ec') in 1.214871 seconds 
========================================================================
Received Import Request.
  Time since last request: 71.144174 seconds.
  path: Assets/3d assets/road/New Material.mat
  artifactKey: Guid(46c17184f67e78d46beadcc93c1b4a53) Importer(815301076,1909f56bfc062723c751e8b465ee728b)
Start importing Assets/3d assets/road/New Material.mat using Guid(46c17184f67e78d46beadcc93c1b4a53) Importer(815301076,1909f56bfc062723c751e8b465ee728b)  -> (artifact id: '64c4459e6489db61ce4b10a3ef704e89') in 0.050773 seconds 
========================================================================
Received Import Request.
  Time since last request: 15.205784 seconds.
  path: Assets/3d assets/road/Road_Final_Fix.mat
  artifactKey: Guid(46c17184f67e78d46beadcc93c1b4a53) Importer(815301076,1909f56bfc062723c751e8b465ee728b)
Start importing Assets/3d assets/road/Road_Final_Fix.mat using Guid(46c17184f67e78d46beadcc93c1b4a53) Importer(815301076,1909f56bfc062723c751e8b465ee728b)  -> (artifact id: '2b18ef19da325ec6d8cb9160226ecc90') in 0.048459 seconds 
========================================================================
Received Import Request.
  Time since last request: 464.715059 seconds.
  path: Assets/3d assets/road/Road_Final_Fix - Copy.mat
  artifactKey: Guid(46c17184f67e78d46beadcc93c1b4a53) Importer(815301076,1909f56bfc062723c751e8b465ee728b)
Start importing Assets/3d assets/road/Road_Final_Fix - Copy.mat using Guid(46c17184f67e78d46beadcc93c1b4a53) Importer(815301076,1909f56bfc062723c751e8b465ee728b)  -> (artifact id: '9953e8249dabf437bfcfd3eb96d6889e') in 0.048152 seconds 
========================================================================
Received Prepare
Registering precompiled user dll's ...
Registered in 0.004935 seconds.
Begin MonoManager ReloadAssembly
Native extension for WindowsStandalone target not found
Refreshing native plugins compatible for Editor in 2.05 ms, found 3 plugins.
Preloading 0 native plugins for Editor in 0.00 ms.
Mono: successfully reloaded assembly
- Completed reload, in  2.286 seconds
Domain Reload Profiling:
	ReloadAssembly (2288ms)
		BeginReloadAssembly (393ms)
			ExecutionOrderSort (0ms)
			DisableScriptedObjects (31ms)
			BackupInstance (0ms)
			ReleaseScriptingObjects (0ms)
			CreateAndSetChildDomain (181ms)
		EndReloadAssembly (1759ms)
			LoadAssemblies (159ms)
			RebuildTransferFunctionScriptingTraits (0ms)
			SetupTypeCache (540ms)
			ReleaseScriptCaches (4ms)
			RebuildScriptCaches (133ms)
			SetupLoadedEditorAssemblies (771ms)
				LogAssemblyErrors (0ms)
				InitializePlatformSupportModulesInManaged (19ms)
				SetLoadedEditorAssemblies (1ms)
				RefreshPlugins (2ms)
				BeforeProcessingInitializeOnLoad (129ms)
				ProcessInitializeOnLoadAttributes (440ms)
				ProcessInitializeOnLoadMethodAttributes (178ms)
				AfterProcessingInitializeOnLoad (2ms)
				EditorAssembliesLoaded (0ms)
			ExecutionOrderSort2 (0ms)
			AwakeInstancesAfterBackupRestoration (22ms)
Platform modules already initialized, skipping
Refreshing native plugins compatible for Editor in 4.08 ms, found 3 plugins.
Preloading 0 native plugins for Editor in 0.00 ms.
Unloading 5686 Unused Serialized files (Serialized files now loaded: 0)
Unloading 55 unused Assets / (3.1 MB). Loaded Objects now: 6373.
Memory consumption went from 230.6 MB to 227.5 MB.
Total: 9.167500 ms (FindLiveObjects: 0.945500 ms CreateObjectMapping: 0.121500 ms MarkObjects: 6.545200 ms  DeleteObjects: 1.553200 ms)

AssetImportParameters requested are different than current active one (requested -> active):
  custom:video-decoder-ogg-theora: a1e56fd34408186e4bbccfd4996cb3dc -> 
  custom:container-muxer-webm: aa71ff27fc2769a1b78a27578f13a17b -> 
  custom:container-demuxer-webm: 4f35f7cbe854078d1ac9338744f61a02 -> 
  custom:video-encoder-webm-vp8: eb34c28f22e8b96e1ab97ce403110664 -> 
  custom:video-codec-MediaFoundation-h265: 746d11721c4dcdbdad8f713fa42b33f4 -> 
  custom:audio-encoder-webm-vorbis: bf7c407c2cedff20999df2af8eb42d56 -> 
  custom:framework-win-MediaFoundation: 216162199b28c13a410421893ffa2e32 -> 
  custom:container-demuxer-ogg: 62fdf1f143b41e24485cea50d1cbac27 -> 
  custom:video-decoder-webm-vp8: 9c59270c3fd7afecdb556c50c9e8de78 -> 
  custom:audio-decoder-ogg-vorbis: bf7c407c2cedff20999df2af8eb42d56 -> 
========================================================================
Received Import Request.
  Time since last request: 259.471640 seconds.
  path: Assets/3d assets/heart/Heart_Final.mat
  artifactKey: Guid(3e7f0853c97831e49b062b01ab446ac9) Importer(815301076,1909f56bfc062723c751e8b465ee728b)
Start importing Assets/3d assets/heart/Heart_Final.mat using Guid(3e7f0853c97831e49b062b01ab446ac9) Importer(815301076,1909f56bfc062723c751e8b465ee728b)  -> (artifact id: 'efbfdb09d8f661b653f6cb879fb2ce72') in 0.237594 seconds 
========================================================================
Received Import Request.
  Time since last request: 192.836221 seconds.
  path: Assets/Shaders/CurvedCode.cginc
  artifactKey: Guid(65f83fc48fc896143aec632bde0e0f75) Importer(815301076,1909f56bfc062723c751e8b465ee728b)
Start importing Assets/Shaders/CurvedCode.cginc using Guid(65f83fc48fc896143aec632bde0e0f75) Importer(815301076,1909f56bfc062723c751e8b465ee728b)  -> (artifact id: '0a03fe04e77ae54fec1c57b2ca279f97') in 0.079047 seconds 
========================================================================
Received Import Request.
  Time since last request: 6.271066 seconds.
  path: Assets/Scenes/Game/Global Volume Profile.asset
  artifactKey: Guid(8e164ec7546b85445a886259f6273ed1) Importer(815301076,1909f56bfc062723c751e8b465ee728b)
Start importing Assets/Scenes/Game/Global Volume Profile.asset using Guid(8e164ec7546b85445a886259f6273ed1) Importer(815301076,1909f56bfc062723c751e8b465ee728b)  -> (artifact id: '72ba429126b76a6500a410e18a771d4b') in 0.068551 seconds 
========================================================================
Received Import Request.
  Time since last request: 3.106705 seconds.
  path: Assets/prefabs/Boys.prefab
  artifactKey: Guid(dcb41ed3b15291e419015bd57455581c) Importer(815301076,1909f56bfc062723c751e8b465ee728b)
Start importing Assets/prefabs/Boys.prefab using Guid(dcb41ed3b15291e419015bd57455581c) Importer(815301076,1909f56bfc062723c751e8b465ee728b)  -> (artifact id: '31c95a7a95d052b2ba7beed0a1baa253') in 0.061849 seconds 
========================================================================
Received Import Request.
  Time since last request: 0.000046 seconds.
  path: Assets/prefabs/Final_SchoolBoy.prefab
  artifactKey: Guid(75d1135f25fddf24cb67291970998161) Importer(815301076,1909f56bfc062723c751e8b465ee728b)
Start importing Assets/prefabs/Final_SchoolBoy.prefab using Guid(75d1135f25fddf24cb67291970998161) Importer(815301076,1909f56bfc062723c751e8b465ee728b)  -> (artifact id: '3e0e469ae53125e3b618ec4dfdb38eab') in 0.137019 seconds 
========================================================================
Received Import Request.
  Time since last request: 0.000066 seconds.
  path: Assets/prefabs/RoadStraight.prefab
  artifactKey: Guid(2240be6620ae8c64b8a2f09de80fb7e2) Importer(815301076,1909f56bfc062723c751e8b465ee728b)
Start importing Assets/prefabs/RoadStraight.prefab using Guid(2240be6620ae8c64b8a2f09de80fb7e2) Importer(815301076,1909f56bfc062723c751e8b465ee728b)  -> (artifact id: '07daed8f63f43dda7c368b21ffec7b0c') in 0.129985 seconds 
========================================================================
Received Import Request.
  Time since last request: 0.000051 seconds.
  path: Assets/prefabs/Heart.prefab
  artifactKey: Guid(afae6a53ad6e384488d4e6315e9693d0) Importer(815301076,1909f56bfc062723c751e8b465ee728b)
Start importing Assets/prefabs/Heart.prefab using Guid(afae6a53ad6e384488d4e6315e9693d0) Importer(815301076,1909f56bfc062723c751e8b465ee728b)  -> (artifact id: '60cda3213bd823035d65a52e9f29270c') in 0.064600 seconds 
Editor requested this worker to shutdown with reason: Scaling down because of idle timeout
AssetImportWorker is now disconnected from the server
Process exiting
Exiting without the bug reporter. Application will terminate with return code 0